// Jest Snapshot v1, https://goo.gl/fbAQLP

exports[`Carousel should render correctly 1`] = `
<div>
  <CarouselImage
    photos={
      Array [
        Object {
          "isVerified": false,
          "listingId": 1,
          "photoUrl": "www.example.com/photo",
          "thumbnailUrl": "www.example.com/thumbnail",
          "title": "A photo",
        },
        Object {
          "isVerified": true,
          "listingId": 1,
          "photoUrl": "www.example.com/photo",
          "thumbnailUrl": "www.example.com/thumbnail",
          "title": "Another photo",
        },
      ]
    }
    setCurrentImageIndex={[Function]}
    setMain={[Function]}
  />
  <ul>
    <li>
      1/2: A photo
    </li>
  </ul>
  <CarouselThumbnail
    photos={
      Array [
        Object {
          "isVerified": false,
          "listingId": 1,
          "photoUrl": "www.example.com/photo",
          "thumbnailUrl": "www.example.com/thumbnail",
          "title": "A photo",
        },
        Object {
          "isVerified": true,
          "listingId": 1,
          "photoUrl": "www.example.com/photo",
          "thumbnailUrl": "www.example.com/thumbnail",
          "title": "Another photo",
        },
      ]
    }
    setThumbnail={[Function]}
    windowWidth={1024}
  />
</div>
`;
